python : Creating test database for alias 
'default'...
At line:1 char:1
+ python manage.py test sparc.tests > 
test_output.txt 2>&1
+ ~~~~~~~~~~~~~~~~~~~~~~~~~~~~~~~~~~~~~~~~~~~~~~~~~~~
~~~~~
    + CategoryInfo          : NotSpecified: (Creatin 
   g test d...as 'default'...:String) [], RemoteExc  
  eption
    + FullyQualifiedErrorId : NativeCommandError
 

Found 4 test(s).
System check identified no issues (0 silenced).
.F..
=====================================================
=================
FAIL: test_assign_staff_role_superuser (sparc.tests.S
taffRoleTest.test_assign_staff_role_superuser)
-----------------------------------------------------
-----------------
Traceback (most recent call last):
  File "C:\tranches\innersparc\sparc\tests.py", line 
32, in test_assign_staff_role_superuser
    self.assertContains(response, 'Role updated to 
Staff')
    ~~~~~~~~~~~~~~~~~~~^^^^^^^^^^^^^^^^^^^^^^^^^^^^^^
^^^^^
  File "C:\Users\genessis contreras\AppData\Local\Pro
grams\Python\Python313\Lib\site-packages\django\test\
testcases.py", line 623, in assertContains
    self.assertTrue(
    ~~~~~~~~~~~~~~~^
        real_count != 0,
        ^^^^^^^^^^^^^^^^
    ...<3 lines>...
        ),
        ^^
    )
    ^
AssertionError: False is not true : Couldn't find 
'Role updated to Staff' in the following response
b'\n<!DOCTYPE html>\n<html lang="en">\n<head>\n    
<meta charset="UTF-8">\n    <meta name="viewport" 
content="width=device-width, initial-scale=1.0">\n   
 <title> Inner SPARC Realty Corporation </title>\n   
 \n    <!-- Favicon Configuration -->\n    <link 
rel="icon" type="image/png" sizes="32x32" 
href="/static/media/LOGO.png">\n    <link rel="icon" 
type="image/png" sizes="16x16" 
href="/static/media/LOGO.png">\n    <link 
rel="shortcut icon" href="/static/media/LOGO.png">\n 
   <link rel="apple-touch-icon" sizes="180x180" 
href="/static/media/LOGO.png">\n    <link 
rel="apple-touch-icon" sizes="152x152" 
href="/static/media/LOGO.png">\n    <link 
rel="apple-touch-icon" sizes="144x144" 
href="/static/media/LOGO.png">\n    <link 
rel="apple-touch-icon" sizes="120x120" 
href="/static/media/LOGO.png">\n    <link 
rel="apple-touch-icon" sizes="114x114" 
href="/static/media/LOGO.png">\n    <link 
rel="apple-touch-icon" sizes="76x76" 
href="/static/media/LOGO.png">\n    <link 
rel="apple-touch-icon" sizes="72x72" 
href="/static/media/LOGO.png">\n    <link 
rel="apple-touch-icon" sizes="60x60" 
href="/static/media/LOGO.png">\n    <link 
rel="apple-touch-icon" sizes="57x57" 
href="/static/media/LOGO.png">\n    <meta 
name="msapplication-TileImage" 
content="/static/media/LOGO.png">\n    <meta 
name="msapplication-TileColor" content="#ffffff">\n  
  <meta name="theme-color" content="#ffffff">\n    
\n    \n\n<link rel="stylesheet" 
href="/static/css/dist/styles.css">\n\n\n\n  <!-- 
This will include Tailwind CSS -->\n    \n    <!-- 
Font Awesome -->\n    <link rel="stylesheet" href="ht
tps://cdnjs.cloudflare.com/ajax/libs/font-awesome/6.5
.1/css/all.min.css">\n    <script 
src="https://cdn.tailwindcss.com"></script>\n\n    
\n    <!-- Custom CSS for tooltips -->\n    
<style>\n        .tooltip {\n            position: 
relative;\n            display: inline-block;\n      
  }\n        \n        .tooltip .tooltiptext {\n     
       visibility: hidden;\n            
background-color: rgba(0, 0, 0, 0.8);\n            
color: white;\n            text-align: center;\n     
       padding: 5px 10px;\n            
border-radius: 6px;\n            position: 
absolute;\n            z-index: 1;\n            
bottom: 125%;\n            left: 50%;\n            
transform: translateX(-50%);\n            font-size: 
12px;\n            white-space: nowrap;\n            
opacity: 0;\n            transition: opacity 0.3s;\n 
       }\n        \n        .tooltip:hover 
.tooltiptext {\n            visibility: visible;\n   
         opacity: 1;\n        }\n        \n        
/* Enhanced Mobile Layout Fix */\n        @media 
(max-width: 768px) {\n            
.main-content-container {\n                
margin-left: 0 !important;\n                
padding-left: 0 !important;\n                width: 
100% !important;\n                max-width: 100% 
!important;\n            }\n        }\n    
</style>\n    \n    \n\n    <!-- Hide 
navigation/sidebar when printing -->\n    <style 
media="print">\n        #sidebar,\n        nav,\n    
    header,\n        .navbar,\n        .sidebar,\n   
     .no-print {\n            display: none 
!important;\n        }\n        body {\n            
margin: 0;\n        }\n    
</style>\n</head>\n<body>\n\n    \n    
\n\n\n\n\n<!DOCTYPE html>\n<html 
lang="en">\n<head>\n  <meta charset="UTF-8">\n  
<meta name="viewport" content="width=device-width, 
initial-scale=1.0">\n  <title>Inner SPARC Realty 
Corporation</title>\n  <script 
src="https://cdn.tailwindcss.com"></script>\n  
<style>\n    .sidebar-gradient {\n      background: 
linear-gradient(135deg, \n        #1e3a8a 0%,    /* 
Darker blue */\n        #2563eb 50%,   /* Medium 
blue */\n        #3b82f6 100%   /* Lighter blue */\n 
     );\n    }\n    \n    .sidebar-collapsed {\n     
 width: 5rem !important;\n    }\n\n    
.sidebar-collapsed .nav-label,\n    
.sidebar-collapsed .profile-info-text,\n    
.sidebar-collapsed .profile-role-badge {\n      
display: none;\n    }\n\n    .sidebar-collapsed 
.sidebar-logo {\n      width: 2.5rem;\n      height: 
2.5rem;\n    }\n\n    .sidebar-collapsed .nav-item 
{\n      justify-content: center;\n      padding: 
0.75rem;\n    }\n\n    .sidebar-collapsed 
.profile-hover-card {\n      justify-content: 
center;\n      padding: 0.5rem;\n    }\n\n    
.sidebar-collapsed .profile-image-container {\n      
margin: 0;\n    }\n\n    .nav-item {\n      
position: relative;\n      transition: all 0.3s 
cubic-bezier(0.4, 0, 0.2, 1);\n      border-radius: 
0.75rem;\n      overflow: hidden;\n      display: 
flex;\n      align-items: center;\n      padding: 
0.75rem 1rem;\n    }\n\n    .nav-item::before {\n    
  content: \'\';\n      position: absolute;\n      
left: 0;\n      top: 0;\n      height: 100%;\n      
width: 0;\n      background: rgba(255, 255, 255, 
0.1);\n      transition: width 0.3s ease;\n    }\n\n 
   .nav-item:hover::before {\n      width: 100%;\n   
 }\n\n    .nav-item:hover {\n      transform: 
translateX(8px);\n      box-shadow: 0 4px 12px 
rgba(0, 0, 0, 0.1);\n    }\n\n    .nav-item svg {\n  
    transition: transform 0.3s ease;\n    }\n\n    
.nav-item:hover svg {\n      transform: 
scale(1.1);\n    }\n\n    .nav-label {\n      
transition: all 0.3s ease;\n    }\n\n    
.nav-item:hover .nav-label {\n      transform: 
translateX(4px);\n    }\n\n    .sidebar-logo {\n     
 filter: drop-shadow(0 0 12px rgba(255, 255, 255, 
0.3));\n      transition: transform 0.3s ease;\n    
}\n\n    .sidebar-logo:hover {\n      transform: 
scale(1.05);\n    }\n\n    #sidebar {\n      
box-shadow: 4px 0 25px rgba(0, 0, 0, 0.15);\n      
backdrop-filter: blur(10px);\n    }\n\n    
.profile-section {\n      background: rgba(30, 58, 
138, 0.4);\n      backdrop-filter: blur(8px);\n      
border-top: 1px solid rgba(255, 255, 255, 0.1);\n    
}\n\n    .profile-image {\n      transition: 
transform 0.3s ease;\n    }\n\n    
.profile-image:hover {\n      transform: 
scale(1.05);\n    }\n\n    .active-nav-item {\n      
background: rgba(255, 255, 255, 0.15);\n      
border-right: 4px solid white;\n    }\n\n    /* 
Smooth scrollbar for the navigation */\n    nav {\n  
    scrollbar-width: thin;\n      scrollbar-color: 
rgba(255, 255, 255, 0.3) transparent;\n    }\n\n    
nav::-webkit-scrollbar {\n      width: 4px;\n    
}\n\n    nav::-webkit-scrollbar-track {\n      
background: transparent;\n    }\n\n    
nav::-webkit-scrollbar-thumb {\n      
background-color: rgba(255, 255, 255, 0.3);\n      
border-radius: 20px;\n    }\n\n    /* Mobile menu 
button animations */\n    .mobile-menu-btn {\n      
transition: all 0.3s ease;\n    }\n\n    
.mobile-menu-btn:hover {\n      transform: 
scale(1.1);\n    }\n\n    /* Overlay animation */\n  
  #overlay {\n      transition: opacity 0.3s ease;\n 
     opacity: 0;\n    }\n\n    #overlay.show {\n     
 opacity: 1;\n    }\n\n    /* Profile section 
animations */\n    .profile-hover-card {\n      
transition: all 0.4s cubic-bezier(0.4, 0, 0.2, 1);\n 
     position: relative;\n      overflow: hidden;\n  
  }\n\n    .profile-hover-card::after {\n      
content: \'\';\n      position: absolute;\n      
inset: 0;\n      background: linear-gradient(\n      
  to right,\n        transparent,\n        rgba(255, 
255, 255, 0.1),\n        transparent\n      );\n     
 transform: translateX(-100%);\n      transition: 
transform 0.6s ease;\n    }\n\n    
.profile-hover-card:hover::after {\n      transform: 
translateX(100%);\n    }\n\n    
.profile-hover-card:hover {\n      transform: 
translateY(-2px);\n      box-shadow: 0 8px 16px 
rgba(0, 0, 0, 0.2);\n      background: rgba(59, 130, 
246, 0.2);\n    }\n\n    .profile-info-text {\n      
transition: all 0.3s ease;\n    }\n\n    
.profile-hover-card:hover .profile-info-text {\n     
 transform: translateX(4px);\n    }\n\n    
.profile-role-badge {\n      position: absolute;\n   
   top: -8px;\n      right: -8px;\n      background: 
rgba(59, 130, 246, 0.9);\n      padding: 4px 8px;\n  
    border-radius: 9999px;\n      font-size: 
0.75rem;\n      transform: scale(0);\n      
transition: transform 0.3s cubic-bezier(0.4, 0, 0.2, 
1);\n    }\n\n    .profile-hover-card:hover 
.profile-role-badge {\n      transform: scale(1);\n  
  }\n\n    .profile-image-container {\n      
position: relative;\n      overflow: hidden;\n    
}\n\n    .profile-image-overlay {\n      position: 
absolute;\n      inset: 0;\n      background: 
rgba(37, 99, 235, 0.3);\n      display: flex;\n      
align-items: center;\n      justify-content: 
center;\n      opacity: 0;\n      transition: 
opacity 0.3s ease;\n    }\n\n    
.profile-hover-card:hover .profile-image-overlay {\n 
     opacity: 1;\n    }\n\n    /* ENHANCED Mobile 
Responsiveness */\n    @media (max-width: 768px) {\n 
     /* Mobile-first approach: sidebar hidden by 
default */\n      #sidebar {\n        transform: 
translateX(-100%) !important;\n        width: 280px 
!important; /* Slightly wider on mobile for better 
touch targets */\n        z-index: 50 !important;\n  
    }\n      \n      /* When sidebar is shown on 
mobile */\n      #sidebar.show {\n        transform: 
translateX(0) !important;\n      }\n      \n      /* 
CRITICAL: Force main content to use full width on 
mobile */\n      body {\n        margin-left: 0 
!important;\n        padding-left: 0 !important;\n   
   }\n      \n      /* Remove any main content 
margins that assume sidebar space */\n      
.main-content, #main-content, .content-wrapper, 
.wrapper {\n        margin-left: 0 !important;\n     
   padding-left: 0 !important;\n        width: 100% 
!important;\n        max-width: 100% !important;\n   
   }\n      \n      /* Mobile menu button 
positioning and styling */\n      #mobile-toggle {\n 
       position: fixed !important;\n        top: 
1rem !important;\n        left: 1rem !important;\n   
     z-index: 60 !important;\n        padding: 
0.75rem !important;\n        border-radius: 0.75rem 
!important;\n        background: 
linear-gradient(135deg, #1e3a8a, #3b82f6) 
!important;\n        box-shadow: 0 4px 12px rgba(0, 
0, 0, 0.15) !important;\n        backdrop-filter: 
blur(10px) !important;\n      }\n      \n      /* 
Enhanced mobile menu button hover */\n      
#mobile-toggle:hover {\n        transform: 
scale(1.05) !important;\n        box-shadow: 0 6px 
16px rgba(0, 0, 0, 0.2) !important;\n      }\n      
\n      /* Mobile overlay for sidebar */\n      
#overlay {\n        position: fixed !important;\n    
    inset: 0 !important;\n        background: 
rgba(0, 0, 0, 0.5) !important;\n        z-index: 45 
!important;\n        opacity: 0 !important;\n        
visibility: hidden !important;\n        transition: 
all 0.3s ease !important;\n      }\n      \n      
#overlay.show {\n        opacity: 1 !important;\n    
    visibility: visible !important;\n      }\n      
\n      /* Mobile navigation items - larger touch 
targets */\n      .nav-item {\n        padding: 1rem 
!important;\n        margin-bottom: 0.5rem 
!important;\n        border-radius: 0.75rem 
!important;\n      }\n      \n      /* Mobile 
navigation labels - always visible */\n      
.nav-label {\n        font-size: 1rem !important;\n  
      font-weight: 500 !important;\n      }\n      
\n      /* Mobile profile section */\n      
.profile-section {\n        padding: 1.5rem 
!important;\n      }\n      \n      
.profile-hover-card {\n        padding: 1rem 
!important;\n        border-radius: 0.75rem 
!important;\n      }\n      \n      /* Mobile 
sidebar header */\n      .sidebar-logo {\n        
height: 4rem !important;\n        width: auto 
!important;\n      }\n      \n      /* Hide desktop 
sidebar toggle on mobile */\n      #sidebar-toggle 
{\n        display: none !important;\n      }\n      
\n      /* Mobile sidebar animations */\n      
#sidebar {\n        transition: transform 0.3s 
cubic-bezier(0.4, 0, 0.2, 1) !important;\n      }\n  
    \n      /* Mobile touch improvements */\n      
.nav-item:active {\n        transform: scale(0.98) 
!important;\n        background: rgba(255, 255, 255, 
0.2) !important;\n      }\n      \n      /* Mobile 
scrolling improvements */\n      nav {\n        
scrollbar-width: none !important;\n        
-ms-overflow-style: none !important;\n      }\n      
\n      nav::-webkit-scrollbar {\n        display: 
none !important;\n      }\n    }\n    \n    /* Extra 
small mobile devices */\n    @media (max-width: 
480px) {\n      #sidebar {\n        width: 100vw 
!important;\n        max-width: 320px !important;\n  
    }\n      \n      #mobile-toggle {\n        
padding: 0.625rem !important;\n      }\n      \n     
 .nav-item {\n        padding: 0.875rem 
!important;\n      }\n      \n      .sidebar-logo 
{\n        height: 3.5rem !important;\n      }\n    
}\n    \n    /* Landscape mobile orientation */\n    
@media (max-width: 768px) and (orientation: 
landscape) {\n      #sidebar {\n        width: 240px 
!important;\n      }\n      \n      .nav-item {\n    
    padding: 0.75rem !important;\n        
margin-bottom: 0.25rem !important;\n      }\n      
\n      .profile-section {\n        padding: 1rem 
!important;\n      }\n    }\n  
</style>\n</head>\n<body class="bg-gray-50">\n  <!-- 
Mobile menu button -->\n  <button \n    
id="mobile-toggle"\n    class="fixed top-4 left-4 
z-50 p-3 rounded-xl bg-blue-600 text-white shadow-lg 
hover:bg-blue-700 transition-all duration-300 
mobile-menu-btn md:hidden"\n    aria-label="Toggle 
menu">\n    <svg id="menu-icon" width="20" 
height="20" viewBox="0 0 24 24" fill="none" 
stroke="currentColor" stroke-width="2" 
stroke-linecap="round" stroke-linejoin="round">\n    
  <line x1="3" y1="12" x2="21" y2="12"></line>\n     
 <line x1="3" y1="6" x2="21" y2="6"></line>\n      
<line x1="3" y1="18" x2="21" y2="18"></line>\n    
</svg>\n    <svg id="close-icon" class="hidden" 
width="20" height="20" viewBox="0 0 24 24" 
fill="none" stroke="currentColor" stroke-width="2" 
stroke-linecap="round" stroke-linejoin="round">\n    
  <line x1="18" y1="6" x2="6" y2="18"></line>\n      
<line x1="6" y1="6" x2="18" y2="18"></line>\n    
</svg>\n  </button>\n\n  <!-- Mobile Overlay -->\n  
<div id="overlay" class="fixed inset-0 bg-black 
bg-opacity-50 z-40 hidden md:hidden"></div>\n\n  
<!-- Sidebar -->\n  <div id="sidebar" class="fixed 
inset-y-0 left-0 z-40 flex flex-col transition-all 
duration-300 ease-in-out sidebar-gradient text-white 
shadow-xl w-64 -translate-x-full 
md:translate-x-0">\n    <!-- Sidebar header -->\n    
<div class="flex items-center justify-between p-6 
border-b border-white/10">\n      <img 
src="/static/media/LOGO.png" alt="Company Logo" 
class="h-20 w-15 mx-auto sidebar-logo">      \n      
<h2 id="sidebar-title" class="font-semibold 
transition-opacity duration-200"></h2>\n      
<button \n        id="sidebar-toggle"\n        
class="p-2 rounded-lg bg-blue-700/50 
hover:bg-blue-800/50 transition-all duration-300 
hidden md:block"\n        aria-label="Collapse 
sidebar">\n        <svg id="collapse-icon" 
xmlns="http://www.w3.org/2000/svg" width="16" 
height="16" viewBox="0 0 24 24" fill="none" 
stroke="currentColor" stroke-width="2" 
stroke-linecap="round" stroke-linejoin="round">\n    
      <path d="m15 18-6-6 6-6"></path>\n        
</svg>\n        <svg id="expand-icon" class="hidden" 
xmlns="http://www.w3.org/2000/svg" width="16" 
height="16" viewBox="0 0 24 24" fill="none" 
stroke="currentColor" stroke-width="2" 
stroke-linecap="round" stroke-linejoin="round">\n    
      <path d="m9 18 6-6-6-6"></path>\n        
</svg>\n      </button>\n    </div>\n\n    <nav 
class="flex-1 p-4 space-y-2 overflow-y-auto">\n\n    
   <!-- Profile link -->\n       \n       <a 
href="/profile/" \n          class="nav-item flex 
items-center gap-4 p-3 rounded-xl transition-all 
hover:bg-blue-700/30 active:bg-blue-800/30 
focus:outline-none focus:ring-2 focus:ring-white/30 
">\n         <svg xmlns="http://www.w3.org/2000/svg" 
width="20" height="20" viewBox="0 0 24 24" 
fill="none" stroke="currentColor" stroke-width="2" 
stroke-linecap="round" stroke-linejoin="round">\n    
       <path d="M20 21v-2a4 4 0 0 0-4-4H8a4 4 0 0 
0-4 4v2"></path>\n           <circle cx="12" cy="7" 
r="4"></circle>\n         </svg>\n         <span 
class="nav-label transition-all duration-200 
font-medium">Admin</span>\n       </a>\n       \n\n  
                 <!-- For superuser only buttons 
(like Approve) -->\n                   \n            
       <a href="/approve/" \n                      
class="nav-item flex items-center gap-4 p-3 
rounded-xl transition-all hover:bg-blue-700/30 
active:bg-blue-800/30 focus:outline-none 
focus:ring-2 focus:ring-white/30 active-nav-item">\n 
                    <svg 
xmlns="http://www.w3.org/2000/svg" width="20" 
height="20" viewBox="0 0 24 24" fill="none" 
stroke="currentColor" stroke-width="2" 
stroke-linecap="round" stroke-linejoin="round">\n    
                   <polyline points="20 6 9 17 4 
12"></polyline>\n                     </svg>\n       
              <span class="nav-label transition-all 
duration-200 font-medium">Users</span>\n             
        \n                   </a>\n                  
 \n\n\n        <!-- Commission History -->\n        
<a href="/commission-history/" \n        
class="nav-item flex items-center gap-4 p-3 
rounded-xl transition-all hover:bg-blue-700/30 
active:bg-blue-800/30 focus:outline-none 
focus:ring-2 focus:ring-white/30 ">\n       <svg 
xmlns="http://www.w3.org/2000/svg" width="20" 
height="20" viewBox="0 0 24 24" fill="none" 
stroke="currentColor" stroke-width="2" 
stroke-linecap="round" stroke-linejoin="round">\n    
     <path d="M12 8v4l3 3"/>\n         <circle 
cx="12" cy="12" r="10"/>\n       </svg>\n       
<span class="nav-label transition-all duration-200 
font-medium">Commissions Dashboard</span>\n        
\n     </a>\n\n     \n      <!-- Tranche History 
-->\n      <a href="/tranche-history/" \n         
class="nav-item flex items-center gap-4 p-3 
rounded-xl transition-all hover:bg-blue-700/30 
active:bg-blue-800/30 focus:outline-none 
focus:ring-2 focus:ring-white/30 ">\n        <svg 
xmlns="http://www.w3.org/2000/svg" width="20" 
height="20" viewBox="0 0 24 24" fill="none" 
stroke="currentColor" stroke-width="2" 
stroke-linecap="round" stroke-linejoin="round">\n    
      <path d="M4 4h16c1.1 0 2 .9 2 2v12c0 1.1-.9 
2-2 2H4c-1.1 0-2-.9-2-2V6c0-1.1.9-2 2-2z"/>\n        
  <line x1="2" y1="10" x2="22" y2="10"/>\n        
</svg>\n        <span class="nav-label 
transition-all duration-200 font-medium">Account 
Summary</span>\n        \n      </a>\n\n      \n     
 <!-- Receivables -->\n      <a href="/receivables/" 
\n         class="nav-item flex items-center gap-4 
p-3 rounded-xl transition-all hover:bg-blue-700/30 
active:bg-blue-800/30 focus:outline-none 
focus:ring-2 focus:ring-white/30 ">\n        <svg 
xmlns="http://www.w3.org/2000/svg" width="20" 
height="20" viewBox="0 0 24 24" fill="none" 
stroke="currentColor" stroke-width="2" 
stroke-linecap="round" stroke-linejoin="round">\n    
      <rect x="2" y="4" width="20" height="16" 
rx="2"/>\n          <path d="M7 15h0M12 15h0"/>\n    
      <path d="M7 8h10"/>\n          <path d="M7 
11.5h10"/>\n        </svg>\n        <span 
class="nav-label transition-all duration-200 
font-medium">Receivables</span>\n        \n      
</a>\n \n<br>\n      <!-- Sign Out -->\n      \n     
 <a href="/signout/" \n         class="nav-item flex 
items-center gap-4 p-3 rounded-xl transition-all 
hover:bg-red-500/30 active:bg-red-600/30 
focus:outline-none focus:ring-2 focus:ring-white/30 
mt-auto ">\n        <svg 
xmlns="http://www.w3.org/2000/svg" width="20" 
height="20" viewBox="0 0 24 24" fill="none" 
stroke="currentColor" stroke-width="2" 
stroke-linecap="round" stroke-linejoin="round">\n    
      <path d="M9 21H5a2 2 0 0 1-2-2V5a2 2 0 0 1 
2-2h4"></path>\n          <polyline points="16 17 21 
12 16 7"></polyline>\n          <line x1="21" 
y1="12" x2="9" y2="12"></line>\n        </svg>\n     
   <span class="nav-label transition-all 
duration-200 font-medium">Sign Out</span>\n      
</a>\n    \n    <style>\n  .badge {\n    
margin-left: 4px;\n    background-color: #dc2626;\n  
  color: white;\n    font-size: 10px;\n    
font-weight: 600;\n    padding: 0.375rem 0.375rem;\n 
   border-radius: 9999px;\n    display: 
inline-block;\n    min-width: 1rem;\n    text-align: 
center;\n    line-height: 1;\n  }\n</style>\n    
</nav>\n\n    <div class="profile-section p-4">\n    
  <div class="flex items-center gap-3">\n        \n  
      <a href="/profile/" class="profile-hover-card 
flex items-center gap-4 w-full rounded-xl p-3 
transition-all duration-300 relative">\n          
<div class="profile-image-container">\n            
\n              <div class="w-12 h-12 rounded-full 
bg-blue-800/50 flex items-center justify-center 
border-2 border-white/30 profile-image shadow-lg">\n 
               <svg 
xmlns="http://www.w3.org/2000/svg" width="16" 
height="16" viewBox="0 0 24 24" fill="none" 
stroke="currentColor" stroke-width="2" 
stroke-linecap="round" stroke-linejoin="round">\n    
              <path d="M20 21v-2a4 4 0 0 0-4-4H8a4 4 
0 0 0-4 4v2"></path>\n                  <circle 
cx="12" cy="7" r="4"></circle>\n                
</svg>\n              </div>\n            \n         
   <div class="profile-image-overlay 
rounded-full">\n              <svg 
xmlns="http://www.w3.org/2000/svg" width="16" 
height="16" viewBox="0 0 24 24" fill="none" 
stroke="currentColor" stroke-width="2" 
stroke-linecap="round" stroke-linejoin="round">\n    
            <path d="M11 4H4a2 2 0 0 0-2 2v14a2 2 0 
0 0 2 2h14a2 2 0 0 0 2-2v-7"></path>\n               
 <path d="M18.5 2.5a2.121 2.121 0 0 1 3 3L12 15l-4 1 
1-4 9.5-9.5z"></path>\n              </svg>\n        
    </div>\n          </div>\n          <div 
class="profile-info-text">\n            <h2 
class="text-lg font-semibold"> </h2>\n            <p 
class="text-sm text-blue-200">View profile</p>\n     
     </div>\n          <span 
class="profile-role-badge">\n            Sales 
Manager\n          </span>\n        </a>\n        \n 
     </div>\n    </div>\n    </div>\n  </div>\n\n  
<div id="overlay" class="fixed inset-0 bg-black/60 
backdrop-blur-sm z-30 md:hidden hidden" 
aria-hidden="true"></div>\n\n  <script>\n    const 
sidebarLogo = 
document.querySelector(\'.sidebar-logo\');\n    
const sidebar = 
document.getElementById(\'sidebar\');\n    const 
sidebarToggle = 
document.getElementById(\'sidebar-toggle\');\n    
const mobileToggle = 
document.getElementById(\'mobile-toggle\');\n    
const overlay = 
document.getElementById(\'overlay\');\n    const 
mainContent = 
document.getElementById(\'main-content\');\n    
const sidebarTitle = 
document.getElementById(\'sidebar-title\');\n    
const profileInfo = 
document.getElementById(\'profile-info\');\n    
const collapseIcon = 
document.getElementById(\'collapse-icon\');\n    
const expandIcon = 
document.getElementById(\'expand-icon\');\n    const 
menuIcon = document.getElementById(\'menu-icon\');\n 
   const closeIcon = 
document.getElementById(\'close-icon\');\n    const 
navLabels = 
document.querySelectorAll(\'.nav-label\');\n    \n   
 let expanded = true;\n    let isMobileOpen = 
false;\n\n    function toggleSidebar(isExpanded) {\n 
       if (isExpanded) {\n            
sidebar.classList.remove(\'sidebar-collapsed\');\n   
         
collapseIcon.classList.remove(\'hidden\');\n         
   expandIcon.classList.add(\'hidden\');\n           
 navLabels.forEach(label => label.style.display = 
\'\');\n        } else {\n            
sidebar.classList.add(\'sidebar-collapsed\');\n      
      collapseIcon.classList.add(\'hidden\');\n      
      expandIcon.classList.remove(\'hidden\');\n     
       navLabels.forEach(label => 
label.style.display = \'none\');\n        }\n    }\n 
   \n    sidebarToggle.addEventListener(\'click\', 
() => {\n  expanded = !expanded;\n        
toggleSidebar(expanded);\n    });\n    \n    // 
Enhanced mobile toggle functionality\n    function 
toggleMobileSidebar(show) {\n      isMobileOpen = 
show;\n      \n      if (show) {\n        
sidebar.classList.remove(\'-translate-x-full\');\n   
     sidebar.classList.add(\'translate-x-0\', 
\'show\');\n        
overlay.classList.remove(\'hidden\');\n        
overlay.classList.add(\'show\');\n        
menuIcon.classList.add(\'hidden\');\n        
closeIcon.classList.remove(\'hidden\');\n        
document.body.style.overflow = \'hidden\'; // 
Prevent background scrolling\n      } else {\n       
 sidebar.classList.remove(\'translate-x-0\', 
\'show\');\n        
sidebar.classList.add(\'-translate-x-full\');\n      
  overlay.classList.add(\'hidden\');\n        
overlay.classList.remove(\'show\');\n        
menuIcon.classList.remove(\'hidden\');\n        
closeIcon.classList.add(\'hidden\');\n        
document.body.style.overflow = \'\'; // Restore 
scrolling\n      }\n    }\n\n    
mobileToggle.addEventListener(\'click\', () => {\n   
   toggleMobileSidebar(!isMobileOpen);\n    });\n    
\n    overlay.addEventListener(\'click\', () => {\n  
    toggleMobileSidebar(false);\n    });\n    \n    
// Close mobile sidebar when clicking on nav items 
(better UX)\n    const navItems = 
document.querySelectorAll(\'.nav-item\');\n    
navItems.forEach(item => {\n      
item.addEventListener(\'click\', () => {\n        if 
(window.innerWidth <= 768 && isMobileOpen) {\n       
   toggleMobileSidebar(false);\n        }\n      
});\n    });\n    \n    // Handle window resize - 
close mobile sidebar on desktop\n    
window.addEventListener(\'resize\', () => {\n      
if (window.innerWidth > 768 && isMobileOpen) {\n     
   toggleMobileSidebar(false);\n      }\n    });\n   
 \n    // Handle escape key to close mobile 
sidebar\n    document.addEventListener(\'keydown\', 
(e) => {\n      if (e.key === \'Escape\' && 
isMobileOpen) {\n        
toggleMobileSidebar(false);\n      }\n    });\n    
\n    // Prevent sidebar from closing when clicking 
inside it\n    sidebar.addEventListener(\'click\', 
(e) => {\n      e.stopPropagation();\n    });\n  
</script>\n</body>\n</html>\n    \n    \n    <div 
class="main-content-container 
max-w-[calc(100%-1rem)] ml-0 md:ml-60 mr-6 mt-5 px-5 
sm:px-3 lg:px-14">\n    \n        \n<style>\n    /* 
Modern color scheme */\n    :root {\n        
--primary: #4361ee;\n        --primary-light: 
#eef2ff;\n        --secondary: #3f37c9;\n        
--success: #06d6a0;\n        --warning: #ffd166;\n   
     --danger: #ef476f;\n        --dark: #1e293b;\n  
      --light: #f8fafc;\n        --gray: #94a3b8;\n  
      --border: #e2e8f0;\n    }\n    \n    /* 
Animations */\n    @keyframes fadeIn {\n        from 
{ opacity: 0; transform: translateY(10px); }\n       
 to { opacity: 1; transform: translateY(0); }\n    
}\n    \n    @keyframes slideIn {\n        from { 
transform: translateY(-20px); opacity: 0; }\n        
to { transform: translateY(0); opacity: 1; }\n    
}\n    \n    .animate-fade-in {\n        animation: 
fadeIn 0.5s ease-out forwards;\n    }\n    \n    
.animate-slide-in {\n        animation: slideIn 0.6s 
ease-out forwards;\n    }\n    \n    /* Card hover 
effects */\n    .user-card {\n        transition: 
all 0.3s ease;\n        box-shadow: 0 4px 6px 
rgba(0, 0, 0, 0.05);\n    }\n    \n    
.user-card:hover {\n        transform: 
translateY(-5px);\n        box-shadow: 0 10px 15px 
rgba(0, 0, 0, 0.1);\n    }\n    \n    /* Status 
badges */\n    .status-badge {\n        transition: 
all 0.3s ease;\n    }\n    \n    /* Modal animations 
*/\n    .modal-content {\n        transform: 
scale(0.95);\n        opacity: 0;\n        
transition: all 0.3s ease-out;\n    }\n    \n    
.modal-content.show {\n        transform: 
scale(1);\n        opacity: 1;\n    }\n    \n    /* 
Mobile optimizations - ENHANCED */\n    @media 
(max-width: 768px) {\n        /* Hide sidebar and 
navigation elements */\n        .sidebar,\n        
.burger-menu,\n        .nav-toggle,\n        
.mobile-menu-toggle,\n        .sidebar-overlay,\n    
    .navigation-sidebar {\n            display: none 
!important;\n            visibility: hidden 
!important;\n            opacity: 0 !important;\n    
        width: 0 !important;\n            height: 0 
!important;\n            margin: 0 !important;\n     
       padding: 0 !important;\n        }\n        \n 
       /* Ensure main content takes full width */\n  
      .main-content,\n        .content-wrapper,\n    
    body,\n        .container {\n            
margin-left: 0 !important;\n            
padding-left: 0 !important;\n            width: 100% 
!important;\n            max-width: 100% 
!important;\n        }\n        \n        /* Reset 
any sidebar-related margins/padding */\n        
.page-wrapper {\n            margin-left: 0 
!important;\n            padding-left: 0 
!important;\n        }\n        \n        /* 
Mobile-specific layout adjustments */\n        
.user-card:hover {\n            transform: none;\n   
     }\n        \n        .grid-cols-1 {\n           
 grid-template-columns: 1fr;\n        }\n        \n  
      /* Ensure proper spacing on mobile */\n        
.min-h-screen {\n            padding: 1rem 
!important;\n        }\n        \n        /* Stack 
header elements vertically on mobile */\n        
.mb-8.flex.flex-col.md\\\\:flex-row {\n            
flex-direction: column !important;\n            gap: 
1rem !important;\n        }\n        \n        /* 
Make action buttons stack properly */\n        
.flex.flex-col.sm\\\\:flex-row.gap-4 {\n            
flex-direction: column !important;\n            
width: 100% !important;\n        }\n        \n       
 .flex.flex-col.sm\\\\:flex-row.gap-4 a {\n          
  width: 100% !important;\n            text-align: 
center !important;\n        }\n        \n        /* 
Responsive grid adjustments */\n        
.grid.grid-cols-1.sm\\\\:grid-cols-2 {\n            
grid-template-columns: 1fr !important;\n        }\n  
      \n        .grid.grid-cols-1.md\\\\:grid-cols-2.
lg\\\\:grid-cols-3 {\n            
grid-template-columns: 1fr !important;\n        }\n  
      \n        /* Modal adjustments for mobile */\n 
       .modal-content {\n            margin: 1rem 
!important;\n            max-width: calc(100vw - 
2rem) !important;\n        }\n        \n        /* 
Filter dropdown adjustments */\n        
.relative.w-full.sm\\\\:w-64 {\n            width: 
100% !important;\n        }\n    }\n    \n    /* 
Extra small screens */\n    @media (max-width: 
480px) {\n        .text-2xl.md\\\\:text-3xl {\n      
      font-size: 1.5rem !important;\n        }\n     
   \n        .p-4.md\\\\:p-8 {\n            padding: 
1rem !important;\n        }\n        \n        
.gap-6 {\n            gap: 1rem !important;\n        
}\n        \n        .px-5.py-3 {\n            
padding: 0.75rem 1rem !important;\n        }\n    
}\n    \n    /* Custom scrollbar */\n    
::-webkit-scrollbar {\n        width: 8px;\n    }\n  
  \n    ::-webkit-scrollbar-track {\n        
background: var(--primary-light);\n    }\n    \n    
::-webkit-scrollbar-thumb {\n        background: 
var(--primary);\n        border-radius: 4px;\n    
}\n    \n    /* Role color coding */\n    
.role-manager { background-color: #ffedd5; color: 
#c2410c; }\n    .role-supervisor { background-color: 
#dbeafe; color: #1d4ed8; }\n    .role-agent { 
background-color: #dcfce7; color: #166534; }\n    \n 
   /* Team badge */\n    .team-badge {\n        
background-color: var(--primary-light);\n        
color: var(--primary);\n    }\n    \n    /* Action 
buttons */\n    .action-btn {\n        transition: 
all 0.2s ease;\n    }\n    \n    .action-btn:hover 
{\n        transform: translateY(-2px);\n        
box-shadow: 0 4px 8px rgba(0, 0, 0, 0.1);\n    }\n   
 \n    /* Mobile-first responsive design */\n    
@media (max-width: 768px) {\n        
.action-btn:hover {\n            transform: none;\n  
          box-shadow: 0 2px 4px rgba(0, 0, 0, 
0.1);\n        }\n    }\n    \n    /* Autocomplete 
styles */\n    .autocomplete-item {\n        
padding: 12px 16px;\n        cursor: pointer;\n      
  border-bottom: 1px solid #f1f5f9;\n        
transition: background-color 0.2s ease;\n    }\n    
\n    .autocomplete-item:hover,\n    
.autocomplete-item.highlighted {\n        
background-color: #f8fafc;\n    }\n    \n    
.autocomplete-item:last-child {\n        
border-bottom: none;\n    }\n    \n    
.autocomplete-username {\n        font-weight: 
600;\n        color: #1e293b;\n    }\n    \n    
.autocomplete-details {\n        font-size: 
0.875rem;\n        color: #64748b;\n        
margin-top: 2px;\n    }\n    \n    
.autocomplete-loading {\n        padding: 12px 
16px;\n        text-align: center;\n        color: 
#64748b;\n        font-size: 0.875rem;\n    }\n    
\n    /* Enhanced search button styles */\n    
#searchButton {\n        min-width: 52px;\n        
display: flex;\n        align-items: center;\n       
 justify-content: center;\n    }\n    \n    
#searchButton:hover {\n        background-color: 
#f3f4f6;\n        transform: translateY(-1px);\n     
   box-shadow: 0 4px 6px rgba(0, 0, 0, 0.1);\n    
}\n    \n    #searchButton:active {\n        
transform: translateY(0);\n        box-shadow: 0 2px 
4px rgba(0, 0, 0, 0.1);\n    }\n    \n    /* Ensure 
input and button alignment */\n    .search-container 
{\n        display: flex;\n        align-items: 
stretch;\n    }\n</style>\n\n<div 
class="min-h-screen bg-gray-50 p-4 md:p-8">\n    
<div class="max-w-7xl mx-auto">\n        <!-- Header 
-->\n        <div class="mb-8 flex flex-col 
md:flex-row justify-between items-start 
md:items-center gap-4">\n            <div>\n         
       <h1 class="text-2xl md:text-3xl font-bold 
text-gray-800 flex items-center">\n                  
  <i class="fas fa-users-cog text-blue-500 
mr-3"></i>\n                    User Management 
Dashboard\n                </h1>\n                <p 
class="text-gray-600 mt-2">Manage user accounts and 
permissions</p>\n            </div>\n            \n  
          \n            <div class="flex flex-col 
sm:flex-row gap-4">\n                <a 
href="/manage-teams/" \n                   
class="inline-flex items-center px-5 py-3 
bg-blue-600 hover:bg-blue-700 text-white rounded-lg 
shadow-md transition-all duration-300">\n            
        <i class="fas fa-users mr-2"></i> \n         
           Manage Teams\n                </a>\n      
          <a href="/create-user/"\n                  
 class="inline-flex items-center px-5 py-3 
bg-green-500 hover:bg-green-600 text-white 
rounded-lg shadow-md transition-all duration-300">\n 
                   <i class="fas fa-user-plus 
mr-2"></i>\n                    Create User\n        
        </a>\n                <a 
href="/problem-dashboard/" \n                   
class="inline-flex items-center px-5 py-3 
bg-orange-600 hover:bg-orange-700 text-white 
rounded-lg shadow-md transition-all duration-300">\n 
                   <i class="fas fa-users mr-2"></i> 
\n                    Problem Reports\n              
  </a>\n            </div>\n            \n        
</div>\n        \n        <!-- User Status Cards 
-->\n        <div class="grid grid-cols-1 
sm:grid-cols-2 lg:grid-cols-5 gap-6 mb-8">\n\n       
     <!-- Sales Agents -->\n            <div 
class="bg-white gradient-bg shadow-lg p-6 
rounded-2xl border-l-4 border-green-500">\n          
      <div class="flex justify-between 
items-center">\n                    <div>\n          
              <h3 class="text-lg font-medium 
text-green-600">Sales Agents</h3>\n                  
      <p class="text-3xl font-bold text-gray-600 
mt-2">0</p>\n                    </div>\n            
        <div class="bg-green-100 p-3 
rounded-full">\n                        <i 
class="fas fa-user-tag text-green-600 
text-xl"></i>\n                    </div>\n          
      </div>\n            </div>\n\n           <!-- 
Sales Supervisors -->\n           <div 
class="bg-white gradient-bg shadow-lg p-6 
rounded-2xl border-l-4 border-blue-500">\n           
 <div class="flex justify-between items-center">\n   
             <div>\n                    <h3 
class="text-lg font-medium text-blue-600">Sales 
Supervisors</h3>\n                    <p 
class="text-3xl font-bold text-gray-600 
mt-2">0</p>\n                </div>\n                
<div class="bg-blue-100 p-3 rounded-full">\n         
           <i class="fas fa-user-graduate 
text-blue-600 text-xl"></i>\n                
</div>\n            </div>\n        </div>\n       
\n             \n            <!-- Sales Managers 
-->\n                  \n            <div 
class="bg-white gradient-bg shadow-lg p-6 
rounded-2xl border-l-4 border-orange-500">\n         
       <div class="flex justify-between 
items-center">\n                    <div>\n          
              <h3 class="text-lg font-medium 
text-orange-800">Sales Managers</h3>\n               
         <p class="text-3xl font-bold text-gray-800 
mt-2">2</p>\n                    </div>\n            
        <div class="bg-orange-100 p-3 
rounded-full">\n                        <i 
class="fas fa-user-tie text-orange-600 
text-xl"></i>\n                    </div>\n          
      </div>\n            </div>\n\n            \n   
         <!-- Staff (Superuser only) -->\n           
 <div class="bg-white gradient-bg shadow-lg p-6 
rounded-2xl border-l-4 border-yellow-500">\n         
       <div class="flex justify-between 
items-center">\n                    <div>\n          
              <h3 class="text-lg font-yellow 
text-yellow-800">Staff Members</h3>\n                
        <p class="text-3xl font-bold text-gray-800 
mt-2">1</p>\n                    </div>\n            
        <div class="bg-yellow-100 p-3 
rounded-full">\n                        <i 
class="fas fa-user-shield text-yellow-800 
text-xl"></i>\n                    </div>\n          
      </div>\n            </div>\n            \n\n   
         \n            <!-- Staff Role (Superuser 
only) -->\n            <div class="bg-white 
gradient-bg shadow-lg p-6 rounded-2xl border-l-4 
border-purple-500">\n                <div 
class="flex justify-between items-center">\n         
           <div>\n                        <h3 
class="text-lg font-medium text-purple-800">Staff 
Role Users</h3>\n                        <p 
class="text-3xl font-bold text-gray-800 
mt-2">1</p>\n                    </div>\n            
        <div class="bg-purple-100 p-3 
rounded-full">\n                        <i 
class="fas fa-id-badge text-purple-800 
text-xl"></i>\n                    </div>\n          
      </div>\n            </div>\n            \n\n   
         <!-- Total Users -->\n            <div 
class="bg-white gradient-bg shadow-lg p-6 
rounded-2xl border-l-4 border-gray-500">\n           
     <div class="flex justify-between 
items-center">\n                    <div>\n          
              <h3 class="text-lg font-medium 
text-gray-800">Total Users</h3>\n                    
    <p class="text-3xl font-bold text-gray-800 
mt-2">3</p>\n                    </div>\n            
        <div class="bg-gray-100 p-3 rounded-full">\n 
                       <i class="fas fa-users 
text-gray-600 text-xl"></i>\n                    
</div>\n                </div>\n            </div>\n 
       </div>\n\n        <!-- Permission Info -->\n  
      <div class="mb-8 p-6 rounded-2xl border 
border-gray-200 bg-white shadow-sm">\n            
<div class="flex">\n                <div 
class="flex-shrink-0 mr-4">\n                    <i 
class="fas fa-info-circle text-blue-500 
text-2xl"></i>\n                </div>\n             
   <div>\n                    <h3 class="font-bold 
text-gray-800 text-lg mb-1">\n                       
 \n                        Superuser Access\n        
                \n                    </h3>\n        
            <p class="text-gray-700">\n              
          \n                        You have full 
administrative privileges to manage all users and 
teams.\n                        \n                   
 </p>\n                </div>\n            </div>\n  
      </div>\n\n        \n\n        <br>\n        \n 
       <!-- Filters Section -->\n        <div 
class="mb-8">\n            <div class="flex flex-col 
gap-4">\n                <div>\n                    
<h2 class="text-xl font-semibold 
text-gray-800">Filter Users</h2>\n                   
 <p class="text-sm text-gray-500 mt-1">Use filters 
to find specific users</p>\n                </div>\n 
               \n                <div class="grid 
grid-cols-1 md:grid-cols-2 lg:grid-cols-3 gap-4">\n  
                  <!-- Name Filter with Autocomplete 
and Search Button -->\n                    <div 
class="relative">\n                        <div 
class="flex">\n                            <div 
class="relative flex-1">\n                           
     <div class="pointer-events-none absolute 
inset-y-0 left-0 flex items-center pl-3 z-10">\n     
                               <i class="fas 
fa-search text-gray-400"></i>\n                      
          </div>\n                                
<input type="text" \n                                
       id="nameFilter" \n                            
           placeholder="Search by name..."\n         
                              value=""\n             
                          autocomplete="off"\n       
                                class="w-full pl-10 
pr-4 py-3 text-base border border-gray-300 
rounded-l-lg shadow-sm focus:ring-2 
focus:ring-blue-500 focus:border-blue-500 
transition-all duration-200 bg-white 
hover:bg-gray-50 focus:z-10">\n                      
      </div>\n                            \n         
                   <!-- Search Button -->\n          
                  <button type="button" \n           
                         id="searchButton"\n         
                           class="px-4 py-3 
bg-gray-100 hover:bg-gray-200 border border-l-0 
border-gray-300 rounded-r-lg shadow-sm 
transition-all duration-200 focus:ring-2 
focus:ring-blue-500 focus:border-blue-500 focus:z-10 
group">\n                                <i 
class="fas fa-search text-gray-500 
group-hover:text-gray-700 transition-colors 
duration-200"></i>\n                            
</button>\n                        </div>\n          
              \n                        <!-- 
Autocomplete Dropdown -->\n                        
<div id="autocompleteDropdown" \n                    
         class="absolute top-full left-0 right-0 
bg-white border border-gray-300 rounded-lg shadow-lg 
z-50 max-h-60 overflow-y-auto hidden">\n             
               <!-- Suggestions will be populated 
here -->\n                        </div>\n           
         </div>\n                    \n              
      <!-- Role Filter -->\n                    <div 
class="relative">\n                        <div 
class="pointer-events-none absolute inset-y-0 left-0 
flex items-center pl-3">\n                           
 <i class="fas fa-user-tag text-gray-400"></i>\n     
                   </div>\n                        
<select id="roleFilter" \n                           
     class="appearance-none w-full pl-10 pr-10 py-3 
text-base border border-gray-300 rounded-lg 
shadow-sm focus:ring-2 focus:ring-blue-500 
focus:border-blue-500 transition-all duration-200 
bg-white hover:bg-gray-50 cursor-pointer">\n         
                   <option value="">All 
Roles</option>\n                            <option 
value="Sales Manager" >Sales Manager</option>\n      
                      <option value="Sales 
Supervisor" >Sales Supervisor</option>\n             
               <option value="Sales Agent" >Sales 
Agent</option>\n                        </select>\n  
                      <div 
class="pointer-events-none absolute inset-y-0 
right-0 flex items-center pr-3">\n                   
         <svg class="h-5 w-5 text-gray-400" 
xmlns="http://www.w3.org/2000/svg" viewBox="0 0 20 
20">\n                                <path 
fill-rule="evenodd" d="M5.293 7.293a1 1 0 011.414 
0L10 10.586l3.293-3.293a1 1 0 111.414 1.414l-4 4a1 1 
0 01-1.414 0l-4-4a1 1 0 010-1.414z" 
clip-rule="evenodd"/>\n                            
</svg>\n                        </div>\n             
       </div>\n                    \n                
    <!-- Team Filter -->\n                    \n     
               <div class="relative">\n              
          <div class="pointer-events-none absolute 
inset-y-0 left-0 flex items-center pl-3">\n          
                  <i class="fas fa-users 
text-gray-400"></i>\n                        
</div>\n                        <select 
id="teamFilter" \n                                
class="appearance-none w-full pl-10 pr-10 py-3 
text-base border border-gray-300 rounded-lg 
shadow-sm focus:ring-2 focus:ring-blue-500 
focus:border-blue-500 transition-all duration-200 
bg-white hover:bg-gray-50 cursor-pointer">\n         
                   <option value="">All 
Teams</option>\n                            \n       
                         <option value="Alpha Team" 
>Alpha Team</option>\n                            \n 
                       </select>\n                   
     <div class="pointer-events-none absolute 
inset-y-0 right-0 flex items-center pr-3">\n         
                   <svg class="h-5 w-5 
text-gray-400" xmlns="http://www.w3.org/2000/svg" 
viewBox="0 0 20 20">\n                               
 <path fill-rule="evenodd" d="M5.293 7.293a1 1 0 
011.414 0L10 10.586l3.293-3.293a1 1 0 111.414 
1.414l-4 4a1 1 0 01-1.414 0l-4-4a1 1 0 010-1.414z" 
clip-rule="evenodd"/>\n                            
</svg>\n                        </div>\n             
       </div>\n                    \n                
</div>\n                \n                <!-- Live 
Filter Info -->\n                <div class="text-sm 
text-gray-500">\n                    <i class="fas 
fa-info-circle mr-1"></i>\n                    
Filters apply automatically as you type or select 
options\n                </div>\n            
</div>\n        </div>\n\n        <!-- Approved 
Users Section -->\n        <div class="mb-12">\n     
       <div class="flex justify-between items-center 
mb-6">\n                <h2 class="text-xl 
md:text-2xl font-bold text-gray-800 flex 
items-center">\n                    <i class="fas 
fa-user-check text-green-500 mr-3"></i>\n            
        Approved Users\n                </h2>\n      
          <span class="text-sm text-gray-500">\n     
               3 users\n                </span>\n    
        </div>\n            \n            \n         
   <div class="grid grid-cols-1 md:grid-cols-2 
lg:grid-cols-3 gap-6">\n                \n           
     <div class="user-card bg-white rounded-2xl 
overflow-hidden border border-gray-200 
animate-fade-in" data-team-name="Alpha Team">\n      
              <div class="p-6">\n                    
    <div class="flex items-center mb-4">\n           
                 <img class="w-16 h-16 rounded-full 
object-cover border-2 border-gray-200" \n            
                     src="/media/default.jpg" \n     
                            alt="testuser\'s 
avatar">\n                            <div 
class="ml-4">\n                                <h3 
class="font-bold text-gray-800 
capitalize">testuser</h3>\n                          
      <p class="text-sm 
text-gray-600">test@example.com</p>\n                
            </div>\n                        </div>\n 
                       \n                        
<div class="flex flex-wrap gap-2 mb-4">\n            
                <span class="status-badge px-3 py-1 
text-xs font-semibold rounded-full \n                
                role-agent">\n                       
         Staff\n                            
</span>\n                            \n              
              <span class="team-badge px-3 py-1 
text-xs font-semibold rounded-full">\n               
                 Alpha Team\n                        
    </span>\n                            \n          
                  \n                        </div>\n 
                       \n                        
<div class="text-sm text-gray-700 mb-4">\n           
                 <div class="flex items-center 
mb-1">\n                                <i 
class="fas fa-phone text-gray-500 mr-2 w-4"></i>\n   
                             <span>No phone</span>\n 
                           </div>\n                  
          <div class="flex items-center">\n          
                      <i class="fas fa-calendar 
text-gray-500 mr-2 w-4"></i>\n                       
         <span>Joined Feb 20, 2026</span>\n          
                  </div>\n                        
</div>\n                        \n                   
     <div class="flex flex-wrap gap-2">\n            
                \n                            
<button onclick="openRoleModal(\'3\')" \n            
                        class="action-btn flex-1 
text-center px-4 py-2 bg-blue-500 hover:bg-blue-600 
text-white text-sm font-medium rounded-lg 
transition-all">\n                                <i 
class="fas fa-user-tag mr-1"></i> Role\n             
               </button>\n                           
 \n                            \n                    
        \n                            <button 
onclick="openTeamModal(\'3\')" \n                    
                class="action-btn flex-1 text-center 
px-4 py-2 bg-indigo-500 hover:bg-indigo-600 
text-white text-sm font-medium rounded-lg 
transition-all">\n                                <i 
class="fas fa-users mr-1"></i> Team\n                
            </button>\n                            
\n                            <a 
href="/profile/edit/3/"\n                            
   class="action-btn flex-1 text-center px-4 py-2 
bg-amber-500 hover:bg-amber-400 text-white text-sm 
font-medium rounded-lg transition-all">\n            
                    <i class="fas fa-edit mr-1"></i> 
<br> Edit\n                            </a>\n        
                    \n                            
<button onclick="deleteProfile(\'3\')"\n             
                       class="action-btn flex-1 
text-center px-4 py-2 bg-red-500 hover:bg-red-600 
text-white text-sm font-medium rounded-lg 
transition-all">\n                                <i 
class="fas fa-trash mr-1"></i> Delete\n              
              </button>\n                            
\n                        </div>\n                   
 </div>\n                </div>\n                \n  
              <div class="user-card bg-white 
rounded-2xl overflow-hidden border border-gray-200 
animate-fade-in" data-team-name="Alpha Team">\n      
              <div class="p-6">\n                    
    <div class="flex items-center mb-4">\n           
                 <img class="w-16 h-16 rounded-full 
object-cover border-2 border-gray-200" \n            
                     src="/media/default.jpg" \n     
                            alt="manager\'s 
avatar">\n                            <div 
class="ml-4">\n                                <h3 
class="font-bold text-gray-800 
capitalize">manager</h3>\n                           
     <p class="text-sm 
text-gray-600">manager@example.com</p>\n             
               </div>\n                        
</div>\n                        \n                   
     <div class="flex flex-wrap gap-2 mb-4">\n       
                     <span class="status-badge px-3 
py-1 text-xs font-semibold rounded-full \n           
                     role-manager\n                  
              ">\n                                
Sales Manager\n                            </span>\n 
                           \n                        
    <span class="team-badge px-3 py-1 text-xs 
font-semibold rounded-full">\n                       
         Alpha Team\n                            
</span>\n                            \n              
              \n                        </div>\n     
                   \n                        <div 
class="text-sm text-gray-700 mb-4">\n                
            <div class="flex items-center mb-1">\n   
                             <i class="fas fa-phone 
text-gray-500 mr-2 w-4"></i>\n                       
         <span>No phone</span>\n                     
       </div>\n                            <div 
class="flex items-center">\n                         
       <i class="fas fa-calendar text-gray-500 mr-2 
w-4"></i>\n                                
<span>Joined Feb 20, 2026</span>\n                   
         </div>\n                        </div>\n    
                    \n                        <div 
class="flex flex-wrap gap-2">\n                      
      \n                            <button 
onclick="openRoleModal(\'2\')" \n                    
                class="action-btn flex-1 text-center 
px-4 py-2 bg-blue-500 hover:bg-blue-600 text-white 
text-sm font-medium rounded-lg transition-all">\n    
                            <i class="fas 
fa-user-tag mr-1"></i> Role\n                        
    </button>\n                            \n        
                    \n                            \n 
                           <button 
onclick="openTeamModal(\'2\')" \n                    
                class="action-btn flex-1 text-center 
px-4 py-2 bg-indigo-500 hover:bg-indigo-600 
text-white text-sm font-medium rounded-lg 
transition-all">\n                                <i 
class="fas fa-users mr-1"></i> Team\n                
            </button>\n                            
\n                            <a 
href="/profile/edit/2/"\n                            
   class="action-btn flex-1 text-center px-4 py-2 
bg-amber-500 hover:bg-amber-400 text-white text-sm 
font-medium rounded-lg transition-all">\n            
                    <i class="fas fa-edit mr-1"></i> 
<br> Edit\n                            </a>\n        
                    \n                            
<button onclick="deleteProfile(\'2\')"\n             
                       class="action-btn flex-1 
text-center px-4 py-2 bg-red-500 hover:bg-red-600 
text-white text-sm font-medium rounded-lg 
transition-all">\n                                <i 
class="fas fa-trash mr-1"></i> Delete\n              
              </button>\n                            
\n                        </div>\n                   
 </div>\n                </div>\n                \n  
              <div class="user-card bg-white 
rounded-2xl overflow-hidden border border-gray-200 
animate-fade-in" data-team-name="Alpha Team">\n      
              <div class="p-6">\n                    
    <div class="flex items-center mb-4">\n           
                 <img class="w-16 h-16 rounded-full 
object-cover border-2 border-gray-200" \n            
                     src="/media/default.jpg" \n     
                            alt="admin\'s avatar">\n 
                           <div class="ml-4">\n      
                          <h3 class="font-bold 
text-gray-800 capitalize">admin</h3>\n               
                 <p class="text-sm 
text-gray-600">admin@example.com</p>\n               
             </div>\n                        
</div>\n                        \n                   
     <div class="flex flex-wrap gap-2 mb-4">\n       
                     <span class="status-badge px-3 
py-1 text-xs font-semibold rounded-full \n           
                     role-manager\n                  
              ">\n                                
Sales Manager\n                            </span>\n 
                           \n                        
    <span class="team-badge px-3 py-1 text-xs 
font-semibold rounded-full">\n                       
         Alpha Team\n                            
</span>\n                            \n              
              \n                            <span 
class="bg-purple-100 text-purple-800 px-3 py-1 
text-xs font-semibold rounded-full">\n               
                 Staff\n                            
</span>\n                            \n              
          </div>\n                        \n         
               <div class="text-sm text-gray-700 
mb-4">\n                            <div class="flex 
items-center mb-1">\n                                
<i class="fas fa-phone text-gray-500 mr-2 
w-4"></i>\n                                <span>No 
phone</span>\n                            </div>\n   
                         <div class="flex 
items-center">\n                                <i 
class="fas fa-calendar text-gray-500 mr-2 
w-4"></i>\n                                
<span>Joined Feb 20, 2026</span>\n                   
         </div>\n                        </div>\n    
                    \n                        <div 
class="flex flex-wrap gap-2">\n                      
      \n                            <button 
onclick="openRoleModal(\'1\')" \n                    
                class="action-btn flex-1 text-center 
px-4 py-2 bg-blue-500 hover:bg-blue-600 text-white 
text-sm font-medium rounded-lg transition-all">\n    
                            <i class="fas 
fa-user-tag mr-1"></i> Role\n                        
    </button>\n                            \n        
                    \n                            \n 
                           <button 
onclick="openTeamModal(\'1\')" \n                    
                class="action-btn flex-1 text-center 
px-4 py-2 bg-indigo-500 hover:bg-indigo-600 
text-white text-sm font-medium rounded-lg 
transition-all">\n                                <i 
class="fas fa-users mr-1"></i> Team\n                
            </button>\n                            
\n                            <a 
href="/profile/edit/1/"\n                            
   class="action-btn flex-1 text-center px-4 py-2 
bg-amber-500 hover:bg-amber-400 text-white text-sm 
font-medium rounded-lg transition-all">\n            
                    <i class="fas fa-edit mr-1"></i> 
<br> Edit\n                            </a>\n        
                    \n                            
<button onclick="deleteProfile(\'1\')"\n             
                       class="action-btn flex-1 
text-center px-4 py-2 bg-red-500 hover:bg-red-600 
text-white text-sm font-medium rounded-lg 
transition-all">\n                                <i 
class="fas fa-trash mr-1"></i> Delete\n              
              </button>\n                            
\n                        </div>\n                   
 </div>\n                </div>\n                \n  
          </div>\n            \n            <!-- 
Pagination -->\n            \n            \n        
</div>\n    </div>\n</div>\n\n<!-- Role Change Modal 
-->\n<div id="roleModal" class="fixed inset-0 
bg-black bg-opacity-50 hidden z-50 flex items-center 
justify-center p-4">\n    <div class="w-full 
max-w-md bg-white rounded-2xl shadow-xl 
modal-content">\n        <div class="p-6">\n         
   <div class="flex justify-between items-center 
mb-4">\n                <h3 class="text-xl font-bold 
text-gray-800">Change User Role</h3>\n               
 <button onclick="closeRoleModal()" 
class="text-gray-500 hover:text-gray-700">\n         
           <i class="fas fa-times"></i>\n            
    </button>\n            </div>\n            \n    
        <p class="text-gray-600 mb-6">Select a new 
role for this user</p>\n            \n            
<form id="roleForm" method="POST" action="" 
class="space-y-4">\n                <input 
type="hidden" name="csrfmiddlewaretoken" value="A7YXM
CYZYaJU9GSPWcwvu37uKtKVYTpoB3cTfmH1EuH5V67C6Mbv5OyWIs
ogpxRH">\n                <div class="space-y-3">\n  
                  \n                    <label 
class="flex items-center p-4 border border-gray-200 
rounded-lg hover:border-blue-500 cursor-pointer">\n  
                      <input type="radio" 
name="role" value="Sales Manager" class="mr-3">\n    
                    <div>\n                          
  <span class="font-medium text-gray-800">Sales 
Manager</span>\n                            <p 
class="text-sm text-gray-600 mt-1">Manages team 
operations and approves users</p>\n                  
      </div>\n                    </label>\n         
           \n\n                    \n                
    <label class="flex items-center p-4 border 
border-gray-200 rounded-lg hover:border-blue-500 
cursor-pointer">\n                        <input 
type="radio" name="role" value="Staff" 
class="mr-3">\n                        <div>\n       
                     <span class="font-medium 
text-gray-800">Staff</span>\n                        
    <p class="text-sm text-gray-600 mt-1">General 
staff role with limited access</p>\n                 
       </div>\n                    </label>\n        
            \n\n                    <label 
class="flex items-center p-4 border border-gray-200 
rounded-lg hover:border-blue-500 cursor-pointer">\n  
                      <input type="radio" 
name="role" value="Sales Supervisor" class="mr-3">\n 
                       <div>\n                       
     <span class="font-medium text-gray-800">Sales 
Supervisor</span>\n                            <p 
class="text-sm text-gray-600 mt-1">Supervises and 
guides sales agents</p>\n                        
</div>\n                    </label>\n\n             
       <label class="flex items-center p-4 border 
border-gray-200 rounded-lg hover:border-blue-500 
cursor-pointer">\n                        <input 
type="radio" name="role" value="Sales Agent" 
class="mr-3">\n                        <div>\n       
                     <span class="font-medium 
text-gray-800">Sales Agent</span>\n                  
          <p class="text-sm text-gray-600 
mt-1">Handles direct sales and client 
interactions</p>\n                        </div>\n   
                 </label>\n                </div>\n  
              \n                <div class="flex 
justify-end space-x-3 mt-6">\n                    
<button type="button" onclick="closeRoleModal()" \n  
                          class="px-4 py-2 
text-gray-700 bg-gray-100 hover:bg-gray-200 
rounded-lg transition">\n                        
Cancel\n                    </button>\n              
      <button type="submit" \n                       
     class="px-4 py-2 bg-blue-600 text-white 
rounded-lg hover:bg-blue-700 transition">\n          
              Save Changes\n                    
</button>\n                </div>\n            
</form>\n        </div>\n    </div>\n</div>\n\n<!-- 
Team Change Modal -->\n<div id="teamModal" 
class="fixed inset-0 bg-black bg-opacity-50 hidden 
z-50 flex items-center justify-center p-4">\n    
<div class="w-full max-w-md bg-white rounded-2xl 
shadow-xl modal-content">\n        <div 
class="p-6">\n            <div class="flex 
justify-between items-center mb-4">\n                
<h3 class="text-xl font-bold text-gray-800">Change 
User Team</h3>\n                <button 
onclick="closeTeamModal()" class="text-gray-500 
hover:text-gray-700">\n                    <i 
class="fas fa-times"></i>\n                
</button>\n            </div>\n            \n        
    <p class="text-gray-600 mb-6">Select a new team 
for this user</p>\n            \n            <form 
id="teamForm" method="POST" action="" 
class="space-y-4">\n                <input 
type="hidden" name="csrfmiddlewaretoken" value="A7YXM
CYZYaJU9GSPWcwvu37uKtKVYTpoB3cTfmH1EuH5V67C6Mbv5OyWIs
ogpxRH">\n                <div class="space-y-3">\n  
                  \n                    <label 
class="flex items-center p-4 border border-gray-200 
rounded-lg hover:border-blue-500 cursor-pointer">\n  
                      <input type="radio" 
name="team" value="1" class="mr-3">\n                
        <div>\n                            <span 
class="font-medium text-gray-800">Alpha 
Team</span>\n                            <p 
class="text-sm text-gray-600 mt-1">Team ID: 1</p>\n  
                      </div>\n                    
</label>\n                    \n                
</div>\n                \n                <div 
class="flex justify-end space-x-3 mt-6">\n           
         <button type="button" 
onclick="closeTeamModal()" \n                        
    class="px-4 py-2 text-gray-700 bg-gray-100 
hover:bg-gray-200 rounded-lg transition">\n          
              Cancel\n                    
</button>\n                    <button type="submit" 
\n                            class="px-4 py-2 
bg-blue-600 text-white rounded-lg hover:bg-blue-700 
transition">\n                        Save Changes\n 
                   </button>\n                
</div>\n            </form>\n        </div>\n    
</div>\n</div>\n\n<!-- Delete Confirmation Modal 
-->\n<div id="deleteModal" class="fixed inset-0 
bg-black bg-opacity-50 hidden z-50 flex items-center 
justify-center p-4">\n    <div class="w-full 
max-w-md bg-white rounded-2xl shadow-xl 
modal-content">\n        <div class="p-6">\n         
   <div class="flex justify-center mb-4">\n          
      <div class="w-16 h-16 bg-red-100 rounded-full 
flex items-center justify-center">\n                 
   <i class="fas fa-exclamation-triangle 
text-red-500 text-2xl"></i>\n                
</div>\n            </div>\n            \n           
 <h3 class="text-xl font-bold text-center 
text-gray-800 mb-2">Confirm Deletion</h3>\n          
  <p class="text-gray-600 text-center mb-6">Are you 
sure you want to delete this user? This action 
cannot be undone.</p>\n            \n            
<div class="flex justify-center space-x-4">\n        
        <button type="button" 
onclick="closeDeleteModal()" \n                      
  class="px-6 py-2 text-gray-700 bg-gray-100 
hover:bg-gray-200 rounded-lg transition">\n          
          Cancel\n                </button>\n        
        <button id="confirmDeleteBtn" \n             
           class="px-6 py-2 bg-red-600 text-white 
rounded-lg hover:bg-red-700 transition">\n           
         Delete User\n                </button>\n    
        </div>\n        </div>\n    
</div>\n</div>\n\n<script>\n// Role Modal 
Functions\nfunction openRoleModal(profileId) {\n    
const modal = 
document.getElementById(\'roleModal\');\n    
modal.classList.remove(\'hidden\');\n    
document.getElementById(\'roleForm\').action = 
`/change-role/${profileId}/`;\n    
requestAnimationFrame(() => {\n        modal.querySel
ector(\'.modal-content\').classList.add(\'show\');\n 
   });\n}\n\nfunction closeRoleModal() {\n    const 
modal = document.getElementById(\'roleModal\');\n    
modal.querySelector(\'.modal-content\').classList.rem
ove(\'show\');\n    setTimeout(() => {\n        
modal.classList.add(\'hidden\');\n    }, 
300);\n}\n\n// Team Modal Functions\nfunction 
openTeamModal(profileId) {\n    const modal = 
document.getElementById(\'teamModal\');\n    
modal.classList.remove(\'hidden\');\n    
document.getElementById(\'teamForm\').action = 
`/change-team/${profileId}/`;\n    
requestAnimationFrame(() => {\n        modal.querySel
ector(\'.modal-content\').classList.add(\'show\');\n 
   });\n}\n\nfunction closeTeamModal() {\n    const 
modal = document.getElementById(\'teamModal\');\n    
modal.querySelector(\'.modal-content\').classList.rem
ove(\'show\');\n    setTimeout(() => {\n        
modal.classList.add(\'hidden\');\n    }, 
300);\n}\n\n// Delete Modal Functions\nlet 
currentProfileId = null;\n\nfunction 
deleteProfile(profileId) {\n    currentProfileId = 
profileId;\n    const modal = 
document.getElementById(\'deleteModal\');\n    
modal.classList.remove(\'hidden\');\n    
requestAnimationFrame(() => {\n        modal.querySel
ector(\'.modal-content\').classList.add(\'show\');\n 
   });\n}\n\nfunction closeDeleteModal() {\n    
const modal = 
document.getElementById(\'deleteModal\');\n    modal.
querySelector(\'.modal-content\').classList.remove(\'
show\');\n    setTimeout(() => {\n        
modal.classList.add(\'hidden\');\n    }, 300);\n}\n\n
document.getElementById(\'confirmDeleteBtn\').addEven
tListener(\'click\', function() {\n    if 
(currentProfileId) {\n        window.location.href = 
"/delete-profile/0/".replace(\'0\', 
currentProfileId);\n    }\n});\n\n// Close modals 
when clicking outside\nwindow.onclick = 
function(event) {\n    const roleModal = 
document.getElementById(\'roleModal\');\n    const 
teamModal = 
document.getElementById(\'teamModal\');\n    const 
deleteModal = 
document.getElementById(\'deleteModal\');\n    \n    
if (event.target === roleModal) {\n        
closeRoleModal();\n    }\n    if (event.target === 
teamModal) {\n        closeTeamModal();\n    }\n    
if (event.target === deleteModal) {\n        
closeDeleteModal();\n    }\n};\n\n// Add escape key 
listener\ndocument.addEventListener(\'keydown\', 
function(event) {\n    if (event.key === \'Escape\') 
{\n        closeRoleModal();\n        
closeTeamModal();\n        closeDeleteModal();\n    
}\n});\n\n// Autocomplete and Live Filtering\nlet 
autocompleteTimeout;\nlet currentHighlightIndex = 
-1;\n\n// Live filter function\nfunction 
applyLiveFilters() {\n    const nameFilter = document
.getElementById(\'nameFilter\').value.trim();\n    
const roleFilter = 
document.getElementById(\'roleFilter\').value;\n    
const teamFilter = 
document.getElementById(\'teamFilter\') ? 
document.getElementById(\'teamFilter\').value : 
\'\';\n    \n    // Build URL with filters\n    
const params = new URLSearchParams();\n    if 
(nameFilter) params.set(\'name\', nameFilter);\n    
if (roleFilter) params.set(\'role\', roleFilter);\n  
  if (teamFilter) params.set(\'team\', 
teamFilter);\n    \n    // Redirect with filters\n   
 window.location.href = \'?\' + 
params.toString();\n}\n\n// Autocomplete 
functionality\nfunction showAutocomplete(query) {\n  
  const dropdown = 
document.getElementById(\'autocompleteDropdown\');\n 
   \n    if (query.length < 1) {\n        
dropdown.classList.add(\'hidden\');\n        
return;\n    }\n    \n    // Show loading\n    
dropdown.innerHTML = \'<div 
class="autocomplete-loading"><i class="fas 
fa-spinner fa-spin mr-2"></i>Searching...</div>\';\n 
   dropdown.classList.remove(\'hidden\');\n    \n    
// Fetch suggestions\n    fetch(`/approve/autocomplet
e/?q=${encodeURIComponent(query)}`)\n        
.then(response => response.json())\n        
.then(data => {\n            
displaySuggestions(data.suggestions);\n        })\n  
      .catch(error => {\n            
console.error(\'Autocomplete error:\', error);\n     
       dropdown.classList.add(\'hidden\');\n        
});\n}\n\nfunction displaySuggestions(suggestions) 
{\n    const dropdown = 
document.getElementById(\'autocompleteDropdown\');\n 
   currentHighlightIndex = -1;\n    \n    if 
(suggestions.length === 0) {\n        
dropdown.innerHTML = \'<div 
class="autocomplete-loading">No users 
found</div>\';\n        return;\n    }\n    \n    
const html = suggestions.map((suggestion, index) => 
`\n        <div class="autocomplete-item" 
data-index="${index}" 
data-username="${suggestion.username}">\n            
<div class="autocomplete-username">${suggestion.usern
ame}</div>\n            <div 
class="autocomplete-details">${suggestion.role} 
\xe2\x80\xa2 ${suggestion.team}</div>\n        
</div>\n    `).join(\'\');\n    \n    
dropdown.innerHTML = html;\n    \n    // Add click 
listeners\n    dropdown.querySelectorAll(\'.autocompl
ete-item\').forEach(item => {\n        
item.addEventListener(\'click\', function() {\n      
      selectSuggestion(this.dataset.username);\n     
   });\n    });\n}\n\nfunction 
selectSuggestion(username) {\n    
document.getElementById(\'nameFilter\').value = 
username;\n    document.getElementById(\'autocomplete
Dropdown\').classList.add(\'hidden\');\n    
applyLiveFilters();\n}\n\nfunction 
highlightSuggestion(direction) {\n    const items = 
document.querySelectorAll(\'.autocomplete-item\');\n 
   if (items.length === 0) return;\n    \n    // 
Remove current highlight\n    if 
(currentHighlightIndex >= 0) {\n        items[current
HighlightIndex].classList.remove(\'highlighted\');\n 
   }\n    \n    // Update index\n    if (direction 
=== \'down\') {\n        currentHighlightIndex = 
(currentHighlightIndex + 1) % items.length;\n    } 
else if (direction === \'up\') {\n        
currentHighlightIndex = currentHighlightIndex <= 0 ? 
items.length - 1 : currentHighlightIndex - 1;\n    
}\n    \n    // Add new highlight\n    items[currentH
ighlightIndex].classList.add(\'highlighted\');\n}\n\n
// Event listeners\ndocument.getElementById(\'nameFil
ter\').addEventListener(\'input\', function() {\n    
clearTimeout(autocompleteTimeout);\n    const query 
= this.value.trim();\n    \n    autocompleteTimeout 
= setTimeout(() => {\n        
showAutocomplete(query);\n    }, 300);\n});\n\ndocume
nt.getElementById(\'nameFilter\').addEventListener(\'
keydown\', function(event) {\n    const dropdown = 
document.getElementById(\'autocompleteDropdown\');\n 
   \n    if 
(!dropdown.classList.contains(\'hidden\')) {\n       
 if (event.key === \'ArrowDown\') {\n            
event.preventDefault();\n            
highlightSuggestion(\'down\');\n        } else if 
(event.key === \'ArrowUp\') {\n            
event.preventDefault();\n            
highlightSuggestion(\'up\');\n        } else if 
(event.key === \'Enter\') {\n            
event.preventDefault();\n            const 
highlighted = document.querySelector(\'.autocomplete-
item.highlighted\');\n            if (highlighted) 
{\n                
selectSuggestion(highlighted.dataset.username);\n    
        } else {\n                
applyLiveFilters();\n            }\n        } else 
if (event.key === \'Escape\') {\n            
dropdown.classList.add(\'hidden\');\n        }\n    
} else if (event.key === \'Enter\') {\n        
applyLiveFilters();\n    }\n});\n\n// Hide 
autocomplete when clicking 
outside\ndocument.addEventListener(\'click\', 
function(event) {\n    const nameFilter = 
document.getElementById(\'nameFilter\');\n    const 
dropdown = 
document.getElementById(\'autocompleteDropdown\');\n 
   \n    if (!nameFilter.contains(event.target) && 
!dropdown.contains(event.target)) {\n        
dropdown.classList.add(\'hidden\');\n    
}\n});\n\n// Live filtering for dropdowns\ndocument.g
etElementById(\'roleFilter\').addEventListener(\'chan
ge\', applyLiveFilters);\nif 
(document.getElementById(\'teamFilter\')) {\n    docu
ment.getElementById(\'teamFilter\').addEventListener(
\'change\', applyLiveFilters);\n}\n\n// Search 
button functionality\ndocument.getElementById(\'searc
hButton\').addEventListener(\'click\', function() 
{\n    applyLiveFilters();\n});\n</script>\n\n    
</div>\n\n    <footer class="text-center mt-10 p-4 
text-gray-500">\n        &copy; Inner SPARC Realty 
Corporation\n    </footer>\n\n</body>\n</html>\n'

-----------------------------------------------------
-----------------
Ran 4 tests in 6.068s

FAILED (failures=1)
Destroying test database for alias 'default'...

